============================= test session starts ==============================
platform linux -- Python 3.6.5, pytest-4.1.1, py-1.7.0, pluggy-0.8.1
rootdir: /wof, inifile:
plugins: asyncio-0.10.0
collected 15 items

tests/test_redis.py ....                                                 [ 26%]
tests/test_validate.py .....                                             [ 60%]
tests/test_view.py ......                                                [100%]

========================== 15 passed in 2.51 seconds ===========================
